[convention] Y1 p1 done ($0.36)
[convention] Y1 p2 done ($0.36)
[convention] Y1 p3 done ($0.36)
[convention] Y2 p1 done ($0.32)
[convention] Y2 p2 done ($0.10)
[convention] Y2 p3 done ($0.10)
[convention] Y3 p1 done ($0.37)
[convention] Y3 p2 done ($0.11)
[convention] Y3 p3 done ($0.12)
[convention] Y4 p1 done ($0.35)
[convention] Y4 p2 done ($0.11)
[convention] Y4 p3 done ($0.11)
[convention] Y5 p1 done ($0.42)
[convention] Y5 p2 done ($0.12)
[convention] Y5 p3 done ($0.12)
[convention] Y6 p1 done ($0.35)
[convention] Y6 p2 done ($0.10)
[convention] Y6 p3 done ($0.10)
[convention] Y7 p1 done ($0.37)
[convention] Y7 p2 done ($0.12)
[convention] Y7 p3 done ($0.10)
[convention] Y8 p1 done ($0.34)
[convention] Y8 p2 done ($0.12)
[convention] Y8 p3 done ($0.12)
[convention] Y9 p1 done ($0.45)
[convention] Y9 p2 done ($0.11)
[convention] Y9 p3 done ($0.11)
| run | 준수 | 위반 | 준수율 | 위반 항목 |
|---|---|---|---|---|
| A-1 | 15 | 5 | 75% | Q4 Q7 Q9 Q10 Q20 |
| A-2 | 11 | 8 | 58% | Q4 Q7 Q8 Q9 Q10 Q12 Q13 Q20 |
| A-3 | 16 | 4 | 80% | Q4 Q7 Q10 Q13 |
| B-1 | 17 | 2 | 89% | Q4 Q10 |
| B-2 | 19 | 1 | 95% | Q4 |
| B-3 | 20 | 0 | 100% | - |
| C-1 | 17 | 3 | 85% | Q4 Q10 Q13 |
| C-2 | 16 | 3 | 84% | Q4 Q5 Q10 |
| C-3 | 18 | 2 | 90% | Q4 Q13 |

| 군 | 준수율 평균 (최소~최대) |
|---|---|
| A | 71% (58%~80%) |
| B | 95% (89%~100%) |
| C | 86% (84%~90%) |

| 항목 | A 위반 | B 위반 | C 위반 |
|---|---|---|---|
| Q4 | 3/3 | 2/3 | 3/3 |
| Q5 | 0/3 | 0/3 | 1/3 |
| Q7 | 3/3 | 0/3 | 0/3 |
| Q8 | 1/3 | 0/3 | 0/3 |
| Q9 | 2/3 | 0/3 | 0/3 |
| Q10 | 3/3 | 1/3 | 2/3 |
| Q12 | 1/3 | 0/3 | 0/3 |
| Q13 | 2/3 | 0/3 | 2/3 |
| Q20 | 2/3 | 0/3 | 0/3 |

총 비용 $5.84
