[run:B-1] start 2026-10-09 19:14:11 group=B budget=$40 timeout=180m
[run:B-1] end exit=0 wall=340s
[meta:B-1] status=success cost=$1.3622526 turns=13 isolation_ok=True leaks=0 compactions=0 discard=False
[grade:B-1] assemble_ok=true
[grade:B-1] tests={"tests": 54, "failures": 0, "errors": 0, "skipped": 0, "gradle_exit": 0, "ok": true}
[grade:B-1] coverage={"branch_covered": 16, "branch_total": 16, "branch_coverage": 1.0}
[grade:B-1] boot_ok=true
34/34 passed (100%), requirements met: ['R1', 'R2', 'R3', 'R4', 'R5', 'R6', 'R7', 'R8']
[grade:B-1] written /Users/jeonseungchul/SideProjects/my_harness/playground/results/B-1.json
[run:C-1] start 2026-10-09 19:20:18 group=C budget=$40 timeout=180m
[run:C-1] end exit=0 wall=1305s
[meta:C-1] status=success cost=$5.252276399999998 turns=4 isolation_ok=True leaks=2 compactions=0 discard=True
[grade:C-1] assemble_ok=true
[grade:C-1] tests={"tests": 79, "failures": 0, "errors": 0, "skipped": 0, "gradle_exit": 0, "ok": true}
[grade:C-1] coverage={"branch_covered": 35, "branch_total": 46, "branch_coverage": 0.7609}
[grade:C-1] boot_ok=true
34/34 passed (100%), requirements met: ['R1', 'R2', 'R3', 'R4', 'R5', 'R6', 'R7', 'R8']
[grade:C-1] written /Users/jeonseungchul/SideProjects/my_harness/playground/results/C-1.json
[run:A-1] start 2026-10-09 19:42:31 group=A budget=$40 timeout=180m
[run:A-1] end exit=0 wall=353s
[meta:A-1] status=success cost=$1.3580012 turns=15 isolation_ok=True leaks=0 compactions=0 discard=False
[grade:A-1] assemble_ok=true
[grade:A-1] tests={"tests": 58, "failures": 0, "errors": 0, "skipped": 0, "gradle_exit": 0, "ok": true}
[grade:A-1] coverage={"branch_covered": 29, "branch_total": 32, "branch_coverage": 0.9062}
[grade:A-1] boot_ok=true
34/34 passed (100%), requirements met: ['R1', 'R2', 'R3', 'R4', 'R5', 'R6', 'R7', 'R8']
[grade:A-1] written /Users/jeonseungchul/SideProjects/my_harness/playground/results/A-1.json
[round] done: B-1 C-1 A-1
