[map] X1 p1 done ($0.92)
[map] X1 p2 done ($0.93)
[map] X1 p3 done ($0.93)
[map] X2 p1 done ($0.27)
[map] X2 p2 done ($0.11)
[map] X2 p3 done ($0.11)
[map] X3 p1 done ($0.73)
[map] X3 p2 done ($0.73)
[map] X3 p3 done ($0.13)
[map] X4 p1 done ($0.27)
[map] X4 p2 done ($0.10)
[map] X4 p3 done ($0.10)
[map] X5 p1 done ($0.26)
[map] X5 p2 done ($0.25)
[map] X5 p3 done ($0.25)
[map] X6 p1 done ($0.29)
[map] X6 p2 done ($0.09)
[map] X6 p3 done ($0.11)

| run | 커버 | 미커버 규칙 (득표) |
|---|---|---|
| A-1 | 20/25 | S4(0/3) S5(0/3) S9(0/3) S23(0/3) S24(0/3) |
| A-2 | 21/25 | S4(0/3) S5(0/3) S9(0/3) S24(0/3) |
| B-1 | 20/25 | S4(0/3) S5(0/3) S9(0/3) S23(0/3) S24(0/3) |
| B-2 | 19/25 | S4(0/3) S5(0/3) S9(0/3) S13(0/3) S23(0/3) S24(0/3) |
| C-1 | 24/25 | S9(0/3) |
| C-2 | 23/25 | S5(0/3) S9(0/3) |

총 비용 $6.58
